Updating system with the options from the configuration file
Maximum wallclock time: 3 days, 0:00:00

Thu Jul  3 11:46:47 2025
Iteration 1 (100 requested)
Beginning iteration 1
5 segments remain in iteration 1 (5 total)
1 of 21 (4.761905%) active bins are populated
per-bin minimum non-zero probability:       1
per-bin maximum probability:                1
per-bin probability dynamic range (kT):     0
per-segment minimum non-zero probability:   0.2
per-segment maximum non-zero probability:   0.2
per-segment probability dynamic range (kT): 0
norm = 1, error in norm = 0 (0*epsilon)
Waiting for segments to complete...
Iteration completed successfully
Iteration wallclock: 0:00:20.732437, cputime: 0:01:42.120754


Thu Jul  3 11:47:07 2025
Iteration 2 (100 requested)
Beginning iteration 2
10 segments remain in iteration 2 (10 total)
2 of 21 (9.523810%) active bins are populated
per-bin minimum non-zero probability:       0.4
per-bin maximum probability:                0.6
per-bin probability dynamic range (kT):     0.405465
per-segment minimum non-zero probability:   0.0666667
per-segment maximum non-zero probability:   0.2
per-segment probability dynamic range (kT): 1.09861
norm = 1, error in norm = 0 (0*epsilon)
Waiting for segments to complete...
Iteration completed successfully
Iteration wallclock: 0:00:22.542721, cputime: 0:03:37.433400


Thu Jul  3 11:47:30 2025
Iteration 3 (100 requested)
Beginning iteration 3
25 segments remain in iteration 3 (25 total)
5 of 21 (23.809524%) active bins are populated
per-bin minimum non-zero probability:       0.0666667
per-bin maximum probability:                0.466667
per-bin probability dynamic range (kT):     1.94591
per-segment minimum non-zero probability:   0.0133333
per-segment maximum non-zero probability:   0.133333
per-segment probability dynamic range (kT): 2.30259
norm = 1, error in norm = 0 (0*epsilon)
Waiting for segments to complete...
Iteration completed successfully
Iteration wallclock: 0:00:27.247565, cputime: 0:09:22.122222


Thu Jul  3 11:47:57 2025
Iteration 4 (100 requested)
Beginning iteration 4
40 segments remain in iteration 4 (40 total)
8 of 21 (38.095238%) active bins are populated
per-bin minimum non-zero probability:       0.0266667
per-bin maximum probability:                0.273333
per-bin probability dynamic range (kT):     2.32728
per-segment minimum non-zero probability:   0.00533333
per-segment maximum non-zero probability:   0.1
per-segment probability dynamic range (kT): 2.93119
norm = 1, error in norm = 0 (0*epsilon)
Waiting for segments to complete...
Process worker-60-7d1a3f99fcb0:
Process worker-63-7d1a3f99fcb0:
Process worker-41-7d1a3f99fcb0:
Process worker-42-7d1a3f99fcb0:
Process worker-34-7d1a3f99fcb0:
Process worker-55-7d1a3f99fcb0:
Process worker-50-7d1a3f99fcb0:
Process worker-51-7d1a3f99fcb0:
Process worker-14-7d1a3f99fcb0:
Process worker-28-7d1a3f99fcb0:
Traceback (most recent call last):
Traceback (most recent call last):
Traceback (most recent call last):
Traceback (most recent call last):
Process worker-12-7d1a3f99fcb0:
Process worker-2-7d1a3f99fcb0:
Process worker-22-7d1a3f99fcb0:
Traceback (most recent call last):
Traceback (most recent call last):
Traceback (most recent call last):
Process worker-26-7d1a3f99fcb0:
Traceback (most recent call last):
Process worker-29-7d1a3f99fcb0:
  File "/home/jpr122/anaconda3/envs/gsoc/lib/python3.13/multiprocessing/process.py", line 313, in _bootstrap
    self.run()
    ~~~~~~~~^^
  File "/home/jpr122/anaconda3/envs/gsoc/lib/python3.13/multiprocessing/process.py", line 313, in _bootstrap
    self.run()
    ~~~~~~~~^^
Traceback (most recent call last):
  File "/home/jpr122/anaconda3/envs/gsoc/lib/python3.13/multiprocessing/process.py", line 108, in run
    self._target(*self._args, **self._kwargs)
    ~~~~~~~~~~~~^^^^^^^^^^^^^^^^^^^^^^^^^^^^^
  File "/home/jpr122/anaconda3/envs/gsoc/lib/python3.13/multiprocessing/process.py", line 108, in run
    self._target(*self._args, **self._kwargs)
    ~~~~~~~~~~~~^^^^^^^^^^^^^^^^^^^^^^^^^^^^^
Process worker-10-7d1a3f99fcb0:
  File "/home/jpr122/Installed_programs/westpa/src/westpa/work_managers/processes.py", line 79, in task_loop
    message, task_id, fn, args, kwargs = self.task_queue.get()[:5]
                                         ~~~~~~~~~~~~~~~~~~~^^
  File "/home/jpr122/Installed_programs/westpa/src/westpa/work_managers/processes.py", line 79, in task_loop
    message, task_id, fn, args, kwargs = self.task_queue.get()[:5]
                                         ~~~~~~~~~~~~~~~~~~~^^
  File "/home/jpr122/anaconda3/envs/gsoc/lib/python3.13/multiprocessing/queues.py", line 100, in get
    with self._rlock:
         ^^^^^^^^^^^
  File "/home/jpr122/anaconda3/envs/gsoc/lib/python3.13/multiprocessing/queues.py", line 100, in get
    with self._rlock:
         ^^^^^^^^^^^
  File "/home/jpr122/anaconda3/envs/gsoc/lib/python3.13/multiprocessing/synchronize.py", line 95, in __enter__
    return self._semlock.__enter__()
           ~~~~~~~~~~~~~~~~~~~~~~~^^
  File "/home/jpr122/anaconda3/envs/gsoc/lib/python3.13/multiprocessing/synchronize.py", line 95, in __enter__
    return self._semlock.__enter__()
           ~~~~~~~~~~~~~~~~~~~~~~~^^
Process worker-31-7d1a3f99fcb0:
KeyboardInterrupt
KeyboardInterrupt
Traceback (most recent call last):
Traceback (most recent call last):
Traceback (most recent call last):
  File "/home/jpr122/anaconda3/envs/gsoc/lib/python3.13/multiprocessing/process.py", line 313, in _bootstrap
    self.run()
    ~~~~~~~~^^
  File "/home/jpr122/anaconda3/envs/gsoc/lib/python3.13/multiprocessing/process.py", line 108, in run
    self._target(*self._args, **self._kwargs)
    ~~~~~~~~~~~~^^^^^^^^^^^^^^^^^^^^^^^^^^^^^
  File "/home/jpr122/Installed_programs/westpa/src/westpa/work_managers/processes.py", line 79, in task_loop
    message, task_id, fn, args, kwargs = self.task_queue.get()[:5]
                                         ~~~~~~~~~~~~~~~~~~~^^
  File "/home/jpr122/anaconda3/envs/gsoc/lib/python3.13/multiprocessing/queues.py", line 100, in get
    with self._rlock:
         ^^^^^^^^^^^
  File "/home/jpr122/anaconda3/envs/gsoc/lib/python3.13/multiprocessing/synchronize.py", line 95, in __enter__
    return self._semlock.__enter__()
           ~~~~~~~~~~~~~~~~~~~~~~~^^
KeyboardInterrupt
Traceback (most recent call last):
  File "/home/jpr122/anaconda3/envs/gsoc/lib/python3.13/multiprocessing/process.py", line 313, in _bootstrap
    self.run()
    ~~~~~~~~^^
  File "/home/jpr122/anaconda3/envs/gsoc/lib/python3.13/multiprocessing/process.py", line 108, in run
    self._target(*self._args, **self._kwargs)
    ~~~~~~~~~~~~^^^^^^^^^^^^^^^^^^^^^^^^^^^^^
  File "/home/jpr122/Installed_programs/westpa/src/westpa/work_managers/processes.py", line 79, in task_loop
    message, task_id, fn, args, kwargs = self.task_queue.get()[:5]
                                         ~~~~~~~~~~~~~~~~~~~^^
  File "/home/jpr122/anaconda3/envs/gsoc/lib/python3.13/multiprocessing/queues.py", line 100, in get
    with self._rlock:
         ^^^^^^^^^^^
  File "/home/jpr122/anaconda3/envs/gsoc/lib/python3.13/multiprocessing/synchronize.py", line 95, in __enter__
    return self._semlock.__enter__()
           ~~~~~~~~~~~~~~~~~~~~~~~^^
KeyboardInterrupt
  File "/home/jpr122/anaconda3/envs/gsoc/lib/python3.13/multiprocessing/process.py", line 313, in _bootstrap
    self.run()
    ~~~~~~~~^^
  File "/home/jpr122/anaconda3/envs/gsoc/lib/python3.13/multiprocessing/process.py", line 313, in _bootstrap
    self.run()
    ~~~~~~~~^^
  File "/home/jpr122/anaconda3/envs/gsoc/lib/python3.13/multiprocessing/process.py", line 108, in run
    self._target(*self._args, **self._kwargs)
    ~~~~~~~~~~~~^^^^^^^^^^^^^^^^^^^^^^^^^^^^^
  File "/home/jpr122/anaconda3/envs/gsoc/lib/python3.13/multiprocessing/process.py", line 108, in run
    self._target(*self._args, **self._kwargs)
    ~~~~~~~~~~~~^^^^^^^^^^^^^^^^^^^^^^^^^^^^^
  File "/home/jpr122/Installed_programs/westpa/src/westpa/work_managers/processes.py", line 79, in task_loop
    message, task_id, fn, args, kwargs = self.task_queue.get()[:5]
                                         ~~~~~~~~~~~~~~~~~~~^^
  File "/home/jpr122/Installed_programs/westpa/src/westpa/work_managers/processes.py", line 79, in task_loop
    message, task_id, fn, args, kwargs = self.task_queue.get()[:5]
                                         ~~~~~~~~~~~~~~~~~~~^^
  File "/home/jpr122/anaconda3/envs/gsoc/lib/python3.13/multiprocessing/queues.py", line 100, in get
    with self._rlock:
         ^^^^^^^^^^^
  File "/home/jpr122/anaconda3/envs/gsoc/lib/python3.13/multiprocessing/queues.py", line 100, in get
    with self._rlock:
         ^^^^^^^^^^^
  File "/home/jpr122/anaconda3/envs/gsoc/lib/python3.13/multiprocessing/synchronize.py", line 95, in __enter__
    return self._semlock.__enter__()
           ~~~~~~~~~~~~~~~~~~~~~~~^^
  File "/home/jpr122/anaconda3/envs/gsoc/lib/python3.13/multiprocessing/synchronize.py", line 95, in __enter__
    return self._semlock.__enter__()
           ~~~~~~~~~~~~~~~~~~~~~~~^^
KeyboardInterrupt
KeyboardInterrupt
Traceback (most recent call last):
Traceback (most recent call last):
  File "/home/jpr122/anaconda3/envs/gsoc/lib/python3.13/multiprocessing/process.py", line 313, in _bootstrap
    self.run()
    ~~~~~~~~^^
  File "/home/jpr122/anaconda3/envs/gsoc/lib/python3.13/multiprocessing/process.py", line 108, in run
    self._target(*self._args, **self._kwargs)
    ~~~~~~~~~~~~^^^^^^^^^^^^^^^^^^^^^^^^^^^^^
  File "/home/jpr122/Installed_programs/westpa/src/westpa/work_managers/processes.py", line 79, in task_loop
    message, task_id, fn, args, kwargs = self.task_queue.get()[:5]
                                         ~~~~~~~~~~~~~~~~~~~^^
  File "/home/jpr122/anaconda3/envs/gsoc/lib/python3.13/multiprocessing/queues.py", line 100, in get
    with self._rlock:
         ^^^^^^^^^^^
  File "/home/jpr122/anaconda3/envs/gsoc/lib/python3.13/multiprocessing/synchronize.py", line 95, in __enter__
    return self._semlock.__enter__()
           ~~~~~~~~~~~~~~~~~~~~~~~^^
KeyboardInterrupt
Traceback (most recent call last):
  File "/home/jpr122/anaconda3/envs/gsoc/lib/python3.13/multiprocessing/process.py", line 313, in _bootstrap
    self.run()
    ~~~~~~~~^^
  File "/home/jpr122/anaconda3/envs/gsoc/lib/python3.13/multiprocessing/process.py", line 108, in run
    self._target(*self._args, **self._kwargs)
    ~~~~~~~~~~~~^^^^^^^^^^^^^^^^^^^^^^^^^^^^^
  File "/home/jpr122/Installed_programs/westpa/src/westpa/work_managers/processes.py", line 79, in task_loop
    message, task_id, fn, args, kwargs = self.task_queue.get()[:5]
                                         ~~~~~~~~~~~~~~~~~~~^^
  File "/home/jpr122/anaconda3/envs/gsoc/lib/python3.13/multiprocessing/queues.py", line 100, in get
    with self._rlock:
         ^^^^^^^^^^^
  File "/home/jpr122/anaconda3/envs/gsoc/lib/python3.13/multiprocessing/synchronize.py", line 95, in __enter__
    return self._semlock.__enter__()
           ~~~~~~~~~~~~~~~~~~~~~~~^^
KeyboardInterrupt
  File "/home/jpr122/anaconda3/envs/gsoc/lib/python3.13/multiprocessing/process.py", line 313, in _bootstrap
    self.run()
    ~~~~~~~~^^
  File "/home/jpr122/anaconda3/envs/gsoc/lib/python3.13/multiprocessing/process.py", line 108, in run
    self._target(*self._args, **self._kwargs)
    ~~~~~~~~~~~~^^^^^^^^^^^^^^^^^^^^^^^^^^^^^
  File "/home/jpr122/Installed_programs/westpa/src/westpa/work_managers/processes.py", line 79, in task_loop
    message, task_id, fn, args, kwargs = self.task_queue.get()[:5]
                                         ~~~~~~~~~~~~~~~~~~~^^
  File "/home/jpr122/anaconda3/envs/gsoc/lib/python3.13/multiprocessing/queues.py", line 100, in get
    with self._rlock:
         ^^^^^^^^^^^
  File "/home/jpr122/anaconda3/envs/gsoc/lib/python3.13/multiprocessing/synchronize.py", line 95, in __enter__
    return self._semlock.__enter__()
           ~~~~~~~~~~~~~~~~~~~~~~~^^
KeyboardInterrupt
  File "/home/jpr122/anaconda3/envs/gsoc/lib/python3.13/multiprocessing/process.py", line 313, in _bootstrap
    self.run()
    ~~~~~~~~^^
  File "/home/jpr122/anaconda3/envs/gsoc/lib/python3.13/multiprocessing/process.py", line 108, in run
    self._target(*self._args, **self._kwargs)
    ~~~~~~~~~~~~^^^^^^^^^^^^^^^^^^^^^^^^^^^^^
  File "/home/jpr122/Installed_programs/westpa/src/westpa/work_managers/processes.py", line 79, in task_loop
    message, task_id, fn, args, kwargs = self.task_queue.get()[:5]
                                         ~~~~~~~~~~~~~~~~~~~^^
  File "/home/jpr122/anaconda3/envs/gsoc/lib/python3.13/multiprocessing/queues.py", line 100, in get
    with self._rlock:
         ^^^^^^^^^^^
  File "/home/jpr122/anaconda3/envs/gsoc/lib/python3.13/multiprocessing/synchronize.py", line 95, in __enter__
    return self._semlock.__enter__()
           ~~~~~~~~~~~~~~~~~~~~~~~^^
KeyboardInterrupt
Process worker-39-7d1a3f99fcb0:
Traceback (most recent call last):
Process worker-9-7d1a3f99fcb0:
Traceback (most recent call last):
Traceback (most recent call last):
Process worker-27-7d1a3f99fcb0:
Traceback (most recent call last):
Process worker-7-7d1a3f99fcb0:
Traceback (most recent call last):
  File "/home/jpr122/anaconda3/envs/gsoc/lib/python3.13/multiprocessing/process.py", line 313, in _bootstrap
    self.run()
    ~~~~~~~~^^
  File "/home/jpr122/anaconda3/envs/gsoc/lib/python3.13/multiprocessing/process.py", line 108, in run
    self._target(*self._args, **self._kwargs)
    ~~~~~~~~~~~~^^^^^^^^^^^^^^^^^^^^^^^^^^^^^
  File "/home/jpr122/Installed_programs/westpa/src/westpa/work_managers/processes.py", line 79, in task_loop
    message, task_id, fn, args, kwargs = self.task_queue.get()[:5]
                                         ~~~~~~~~~~~~~~~~~~~^^
  File "/home/jpr122/anaconda3/envs/gsoc/lib/python3.13/multiprocessing/queues.py", line 100, in get
    with self._rlock:
         ^^^^^^^^^^^
  File "/home/jpr122/anaconda3/envs/gsoc/lib/python3.13/multiprocessing/synchronize.py", line 95, in __enter__
    return self._semlock.__enter__()
           ~~~~~~~~~~~~~~~~~~~~~~~^^
KeyboardInterrupt
Process worker-20-7d1a3f99fcb0:
  File "/home/jpr122/anaconda3/envs/gsoc/lib/python3.13/multiprocessing/process.py", line 313, in _bootstrap
    self.run()
    ~~~~~~~~^^
  File "/home/jpr122/anaconda3/envs/gsoc/lib/python3.13/multiprocessing/process.py", line 108, in run
    self._target(*self._args, **self._kwargs)
    ~~~~~~~~~~~~^^^^^^^^^^^^^^^^^^^^^^^^^^^^^
  File "/home/jpr122/Installed_programs/westpa/src/westpa/work_managers/processes.py", line 79, in task_loop
    message, task_id, fn, args, kwargs = self.task_queue.get()[:5]
                                         ~~~~~~~~~~~~~~~~~~~^^
  File "/home/jpr122/anaconda3/envs/gsoc/lib/python3.13/multiprocessing/queues.py", line 100, in get
    with self._rlock:
         ^^^^^^^^^^^
  File "/home/jpr122/anaconda3/envs/gsoc/lib/python3.13/multiprocessing/synchronize.py", line 95, in __enter__
    return self._semlock.__enter__()
           ~~~~~~~~~~~~~~~~~~~~~~~^^
KeyboardInterrupt
Traceback (most recent call last):
  File "/home/jpr122/anaconda3/envs/gsoc/lib/python3.13/multiprocessing/process.py", line 313, in _bootstrap
    self.run()
    ~~~~~~~~^^
  File "/home/jpr122/anaconda3/envs/gsoc/lib/python3.13/multiprocessing/process.py", line 108, in run
    self._target(*self._args, **self._kwargs)
    ~~~~~~~~~~~~^^^^^^^^^^^^^^^^^^^^^^^^^^^^^
  File "/home/jpr122/Installed_programs/westpa/src/westpa/work_managers/processes.py", line 79, in task_loop
    message, task_id, fn, args, kwargs = self.task_queue.get()[:5]
                                         ~~~~~~~~~~~~~~~~~~~^^
  File "/home/jpr122/anaconda3/envs/gsoc/lib/python3.13/multiprocessing/queues.py", line 100, in get
    with self._rlock:
         ^^^^^^^^^^^
  File "/home/jpr122/anaconda3/envs/gsoc/lib/python3.13/multiprocessing/synchronize.py", line 95, in __enter__
    return self._semlock.__enter__()
           ~~~~~~~~~~~~~~~~~~~~~~~^^
KeyboardInterrupt
  File "/home/jpr122/anaconda3/envs/gsoc/lib/python3.13/multiprocessing/process.py", line 313, in _bootstrap
    self.run()
    ~~~~~~~~^^
  File "/home/jpr122/anaconda3/envs/gsoc/lib/python3.13/multiprocessing/process.py", line 108, in run
    self._target(*self._args, **self._kwargs)
    ~~~~~~~~~~~~^^^^^^^^^^^^^^^^^^^^^^^^^^^^^
  File "/home/jpr122/Installed_programs/westpa/src/westpa/work_managers/processes.py", line 79, in task_loop
    message, task_id, fn, args, kwargs = self.task_queue.get()[:5]
                                         ~~~~~~~~~~~~~~~~~~~^^
  File "/home/jpr122/anaconda3/envs/gsoc/lib/python3.13/multiprocessing/queues.py", line 100, in get
    with self._rlock:
         ^^^^^^^^^^^
  File "/home/jpr122/anaconda3/envs/gsoc/lib/python3.13/multiprocessing/synchronize.py", line 95, in __enter__
    return self._semlock.__enter__()
           ~~~~~~~~~~~~~~~~~~~~~~~^^
KeyboardInterrupt
  File "/home/jpr122/anaconda3/envs/gsoc/lib/python3.13/multiprocessing/process.py", line 313, in _bootstrap
    self.run()
    ~~~~~~~~^^
Process worker-0-7d1a3f99fcb0:
  File "/home/jpr122/anaconda3/envs/gsoc/lib/python3.13/multiprocessing/process.py", line 108, in run
    self._target(*self._args, **self._kwargs)
    ~~~~~~~~~~~~^^^^^^^^^^^^^^^^^^^^^^^^^^^^^
  File "/home/jpr122/Installed_programs/westpa/src/westpa/work_managers/processes.py", line 79, in task_loop
    message, task_id, fn, args, kwargs = self.task_queue.get()[:5]
                                         ~~~~~~~~~~~~~~~~~~~^^
  File "/home/jpr122/anaconda3/envs/gsoc/lib/python3.13/multiprocessing/queues.py", line 100, in get
    with self._rlock:
         ^^^^^^^^^^^
  File "/home/jpr122/anaconda3/envs/gsoc/lib/python3.13/multiprocessing/synchronize.py", line 95, in __enter__
    return self._semlock.__enter__()
           ~~~~~~~~~~~~~~~~~~~~~~~^^
KeyboardInterrupt
  File "/home/jpr122/anaconda3/envs/gsoc/lib/python3.13/multiprocessing/process.py", line 313, in _bootstrap
    self.run()
    ~~~~~~~~^^
  File "/home/jpr122/anaconda3/envs/gsoc/lib/python3.13/multiprocessing/process.py", line 108, in run
    self._target(*self._args, **self._kwargs)
    ~~~~~~~~~~~~^^^^^^^^^^^^^^^^^^^^^^^^^^^^^
  File "/home/jpr122/Installed_programs/westpa/src/westpa/work_managers/processes.py", line 79, in task_loop
    message, task_id, fn, args, kwargs = self.task_queue.get()[:5]
                                         ~~~~~~~~~~~~~~~~~~~^^
  File "/home/jpr122/anaconda3/envs/gsoc/lib/python3.13/multiprocessing/queues.py", line 101, in get
    res = self._recv_bytes()
  File "/home/jpr122/anaconda3/envs/gsoc/lib/python3.13/multiprocessing/connection.py", line 216, in recv_bytes
    buf = self._recv_bytes(maxlength)
  File "/home/jpr122/anaconda3/envs/gsoc/lib/python3.13/multiprocessing/connection.py", line 430, in _recv_bytes
    buf = self._recv(4)
  File "/home/jpr122/anaconda3/envs/gsoc/lib/python3.13/multiprocessing/connection.py", line 395, in _recv
    chunk = read(handle, remaining)
KeyboardInterrupt
Traceback (most recent call last):
  File "/home/jpr122/anaconda3/envs/gsoc/lib/python3.13/multiprocessing/process.py", line 313, in _bootstrap
    self.run()
    ~~~~~~~~^^
  File "/home/jpr122/anaconda3/envs/gsoc/lib/python3.13/multiprocessing/process.py", line 108, in run
    self._target(*self._args, **self._kwargs)
    ~~~~~~~~~~~~^^^^^^^^^^^^^^^^^^^^^^^^^^^^^
  File "/home/jpr122/Installed_programs/westpa/src/westpa/work_managers/processes.py", line 79, in task_loop
    message, task_id, fn, args, kwargs = self.task_queue.get()[:5]
                                         ~~~~~~~~~~~~~~~~~~~^^
  File "/home/jpr122/anaconda3/envs/gsoc/lib/python3.13/multiprocessing/queues.py", line 100, in get
    with self._rlock:
         ^^^^^^^^^^^
  File "/home/jpr122/anaconda3/envs/gsoc/lib/python3.13/multiprocessing/synchronize.py", line 95, in __enter__
    return self._semlock.__enter__()
           ~~~~~~~~~~~~~~~~~~~~~~~^^
KeyboardInterrupt
  File "/home/jpr122/anaconda3/envs/gsoc/lib/python3.13/multiprocessing/process.py", line 313, in _bootstrap
    self.run()
    ~~~~~~~~^^
  File "/home/jpr122/anaconda3/envs/gsoc/lib/python3.13/multiprocessing/process.py", line 108, in run
    self._target(*self._args, **self._kwargs)
    ~~~~~~~~~~~~^^^^^^^^^^^^^^^^^^^^^^^^^^^^^
  File "/home/jpr122/Installed_programs/westpa/src/westpa/work_managers/processes.py", line 79, in task_loop
    message, task_id, fn, args, kwargs = self.task_queue.get()[:5]
                                         ~~~~~~~~~~~~~~~~~~~^^
  File "/home/jpr122/anaconda3/envs/gsoc/lib/python3.13/multiprocessing/queues.py", line 100, in get
    with self._rlock:
         ^^^^^^^^^^^
  File "/home/jpr122/anaconda3/envs/gsoc/lib/python3.13/multiprocessing/synchronize.py", line 95, in __enter__
    return self._semlock.__enter__()
           ~~~~~~~~~~~~~~~~~~~~~~~^^
KeyboardInterrupt
  File "/home/jpr122/anaconda3/envs/gsoc/lib/python3.13/multiprocessing/process.py", line 313, in _bootstrap
    self.run()
    ~~~~~~~~^^
  File "/home/jpr122/anaconda3/envs/gsoc/lib/python3.13/multiprocessing/process.py", line 108, in run
    self._target(*self._args, **self._kwargs)
    ~~~~~~~~~~~~^^^^^^^^^^^^^^^^^^^^^^^^^^^^^
  File "/home/jpr122/Installed_programs/westpa/src/westpa/work_managers/processes.py", line 79, in task_loop
    message, task_id, fn, args, kwargs = self.task_queue.get()[:5]
                                         ~~~~~~~~~~~~~~~~~~~^^
  File "/home/jpr122/anaconda3/envs/gsoc/lib/python3.13/multiprocessing/queues.py", line 100, in get
    with self._rlock:
         ^^^^^^^^^^^
  File "/home/jpr122/anaconda3/envs/gsoc/lib/python3.13/multiprocessing/synchronize.py", line 95, in __enter__
    return self._semlock.__enter__()
           ~~~~~~~~~~~~~~~~~~~~~~~^^
KeyboardInterrupt
  File "/home/jpr122/anaconda3/envs/gsoc/lib/python3.13/multiprocessing/process.py", line 313, in _bootstrap
    self.run()
    ~~~~~~~~^^
  File "/home/jpr122/anaconda3/envs/gsoc/lib/python3.13/multiprocessing/process.py", line 108, in run
    self._target(*self._args, **self._kwargs)
    ~~~~~~~~~~~~^^^^^^^^^^^^^^^^^^^^^^^^^^^^^
  File "/home/jpr122/Installed_programs/westpa/src/westpa/work_managers/processes.py", line 79, in task_loop
    message, task_id, fn, args, kwargs = self.task_queue.get()[:5]
                                         ~~~~~~~~~~~~~~~~~~~^^
  File "/home/jpr122/anaconda3/envs/gsoc/lib/python3.13/multiprocessing/queues.py", line 100, in get
    with self._rlock:
         ^^^^^^^^^^^
  File "/home/jpr122/anaconda3/envs/gsoc/lib/python3.13/multiprocessing/synchronize.py", line 95, in __enter__
    return self._semlock.__enter__()
           ~~~~~~~~~~~~~~~~~~~~~~~^^
KeyboardInterrupt
  File "/home/jpr122/anaconda3/envs/gsoc/lib/python3.13/multiprocessing/process.py", line 313, in _bootstrap
    self.run()
    ~~~~~~~~^^
  File "/home/jpr122/anaconda3/envs/gsoc/lib/python3.13/multiprocessing/process.py", line 108, in run
    self._target(*self._args, **self._kwargs)
    ~~~~~~~~~~~~^^^^^^^^^^^^^^^^^^^^^^^^^^^^^
  File "/home/jpr122/Installed_programs/westpa/src/westpa/work_managers/processes.py", line 79, in task_loop
    message, task_id, fn, args, kwargs = self.task_queue.get()[:5]
                                         ~~~~~~~~~~~~~~~~~~~^^
  File "/home/jpr122/anaconda3/envs/gsoc/lib/python3.13/multiprocessing/queues.py", line 100, in get
    with self._rlock:
         ^^^^^^^^^^^
  File "/home/jpr122/anaconda3/envs/gsoc/lib/python3.13/multiprocessing/synchronize.py", line 95, in __enter__
    return self._semlock.__enter__()
           ~~~~~~~~~~~~~~~~~~~~~~~^^
KeyboardInterrupt
  File "/home/jpr122/anaconda3/envs/gsoc/lib/python3.13/multiprocessing/process.py", line 313, in _bootstrap
    self.run()
    ~~~~~~~~^^
  File "/home/jpr122/anaconda3/envs/gsoc/lib/python3.13/multiprocessing/process.py", line 108, in run
    self._target(*self._args, **self._kwargs)
    ~~~~~~~~~~~~^^^^^^^^^^^^^^^^^^^^^^^^^^^^^
  File "/home/jpr122/Installed_programs/westpa/src/westpa/work_managers/processes.py", line 79, in task_loop
    message, task_id, fn, args, kwargs = self.task_queue.get()[:5]
                                         ~~~~~~~~~~~~~~~~~~~^^
  File "/home/jpr122/anaconda3/envs/gsoc/lib/python3.13/multiprocessing/queues.py", line 100, in get
    with self._rlock:
         ^^^^^^^^^^^
  File "/home/jpr122/anaconda3/envs/gsoc/lib/python3.13/multiprocessing/synchronize.py", line 95, in __enter__
    return self._semlock.__enter__()
           ~~~~~~~~~~~~~~~~~~~~~~~^^
KeyboardInterrupt
Process worker-5-7d1a3f99fcb0:
Traceback (most recent call last):
  File "/home/jpr122/anaconda3/envs/gsoc/lib/python3.13/multiprocessing/process.py", line 313, in _bootstrap
    self.run()
    ~~~~~~~~^^
  File "/home/jpr122/anaconda3/envs/gsoc/lib/python3.13/multiprocessing/process.py", line 108, in run
    self._target(*self._args, **self._kwargs)
    ~~~~~~~~~~~~^^^^^^^^^^^^^^^^^^^^^^^^^^^^^
  File "/home/jpr122/Installed_programs/westpa/src/westpa/work_managers/processes.py", line 79, in task_loop
    message, task_id, fn, args, kwargs = self.task_queue.get()[:5]
                                         ~~~~~~~~~~~~~~~~~~~^^
  File "/home/jpr122/anaconda3/envs/gsoc/lib/python3.13/multiprocessing/queues.py", line 100, in get
    with self._rlock:
         ^^^^^^^^^^^
  File "/home/jpr122/anaconda3/envs/gsoc/lib/python3.13/multiprocessing/synchronize.py", line 95, in __enter__
    return self._semlock.__enter__()
           ~~~~~~~~~~~~~~~~~~~~~~~^^
KeyboardInterrupt
  File "/home/jpr122/anaconda3/envs/gsoc/lib/python3.13/multiprocessing/process.py", line 313, in _bootstrap
    self.run()
    ~~~~~~~~^^
  File "/home/jpr122/anaconda3/envs/gsoc/lib/python3.13/multiprocessing/process.py", line 108, in run
    self._target(*self._args, **self._kwargs)
    ~~~~~~~~~~~~^^^^^^^^^^^^^^^^^^^^^^^^^^^^^
  File "/home/jpr122/Installed_programs/westpa/src/westpa/work_managers/processes.py", line 79, in task_loop
    message, task_id, fn, args, kwargs = self.task_queue.get()[:5]
                                         ~~~~~~~~~~~~~~~~~~~^^
  File "/home/jpr122/anaconda3/envs/gsoc/lib/python3.13/multiprocessing/queues.py", line 100, in get
    with self._rlock:
         ^^^^^^^^^^^
  File "/home/jpr122/anaconda3/envs/gsoc/lib/python3.13/multiprocessing/synchronize.py", line 95, in __enter__
    return self._semlock.__enter__()
           ~~~~~~~~~~~~~~~~~~~~~~~^^
KeyboardInterrupt
interrupted; shutting down
Exception ignored in atexit callback <function _exit_function at 0x7d1a3f7b4540>:
Traceback (most recent call last):
  File "/home/jpr122/anaconda3/envs/gsoc/lib/python3.13/multiprocessing/util.py", line 352, in _exit_function
    _run_finalizers()
  File "/home/jpr122/anaconda3/envs/gsoc/lib/python3.13/multiprocessing/util.py", line 292, in _run_finalizers
    finalizer()
  File "/home/jpr122/anaconda3/envs/gsoc/lib/python3.13/multiprocessing/util.py", line 216, in __call__
    res = self._callback(*self._args, **self._kwargs)
  File "/home/jpr122/anaconda3/envs/gsoc/lib/python3.13/multiprocessing/queues.py", line 217, in _finalize_join
    thread.join()
  File "/home/jpr122/anaconda3/envs/gsoc/lib/python3.13/threading.py", line 1092, in join
    self._handle.join(timeout)
  File "/home/jpr122/Installed_programs/westpa/src/westpa/work_managers/core.py", line 55, in sigint_handler
    self.prior_sigint_handler(signum, frame)
KeyboardInterrupt: 
